[themesdesign.in/stexo/layouts/vertical/indexd41d.html]
[backblue.gif]
[fade.gif]
[index.html]
[themesdesign.in/stexo/layouts/vertical/assets/images/favicon.ico]
[themesdesign.in/stexo/layouts/plugins/morris/morris.css]
[themesdesign.in/stexo/layouts/vertical/assets/css/metismenu.min.css]
[themesdesign.in/stexo/layouts/vertical/assets/css/bootstrap.min.css]
[themesdesign.in/stexo/layouts/vertical/assets/css/style.css]
[themesdesign.in/stexo/layouts/vertical/assets/css/icons.css]
[themesdesign.in/stexo/layouts/vertical/index.html]
[themesdesign.in/stexo/layouts/vertical/assets/images/flags/us_flag.jpg]
[themesdesign.in/stexo/layouts/vertical/assets/images/flags/french_flag.jpg]
[themesdesign.in/stexo/layouts/vertical/assets/images/flags/spain_flag.jpg]
[themesdesign.in/stexo/layouts/vertical/assets/images/flags/russia_flag.jpg]
[themesdesign.in/stexo/layouts/vertical/assets/images/flags/germany_flag.jpg]
[themesdesign.in/stexo/layouts/vertical/assets/images/flags/italy_flag.jpg]
[themesdesign.in/stexo/layouts/vertical/assets/images/users/user-4.jpg]
[themesdesign.in/stexo/layouts/vertical/email-inbox.html]
[themesdesign.in/stexo/layouts/vertical/email-read.html]
[themesdesign.in/stexo/layouts/vertical/email-compose.html]
[themesdesign.in/stexo/layouts/vertical/calendar.html]
[themesdesign.in/stexo/layouts/vertical/pages-pricing.html]
[themesdesign.in/stexo/layouts/vertical/pages-invoice.html]
[themesdesign.in/stexo/layouts/vertical/pages-timeline.html]
[themesdesign.in/stexo/layouts/vertical/pages-faqs.html]
[themesdesign.in/stexo/layouts/vertical/pages-maintenance.html]
[themesdesign.in/stexo/layouts/vertical/pages-comingsoon.html]
[themesdesign.in/stexo/layouts/vertical/pages-starter.html]
[themesdesign.in/stexo/layouts/vertical/pages-login.html]
[themesdesign.in/stexo/layouts/vertical/pages-register.html]
[themesdesign.in/stexo/layouts/vertical/pages-recoverpw.html]
[themesdesign.in/stexo/layouts/vertical/pages-lock-screen.html]
[themesdesign.in/stexo/layouts/vertical/pages-404.html]
[themesdesign.in/stexo/layouts/vertical/pages-500.html]
[themesdesign.in/stexo/layouts/vertical/ui-alerts.html]
[themesdesign.in/stexo/layouts/vertical/ui-badge.html]
[themesdesign.in/stexo/layouts/vertical/ui-buttons.html]
[themesdesign.in/stexo/layouts/vertical/ui-cards.html]
[themesdesign.in/stexo/layouts/vertical/ui-dropdowns.html]
[themesdesign.in/stexo/layouts/vertical/ui-navs.html]
[themesdesign.in/stexo/layouts/vertical/ui-tabs-accordions.html]
[themesdesign.in/stexo/layouts/vertical/ui-modals.html]
[themesdesign.in/stexo/layouts/vertical/ui-images.html]
[themesdesign.in/stexo/layouts/vertical/ui-progressbars.html]
[themesdesign.in/stexo/layouts/vertical/ui-pagination.html]
[themesdesign.in/stexo/layouts/vertical/ui-popover-tooltips.html]
[themesdesign.in/stexo/layouts/vertical/ui-spinner.html]
[themesdesign.in/stexo/layouts/vertical/ui-carousel.html]
[themesdesign.in/stexo/layouts/vertical/ui-video.html]
[themesdesign.in/stexo/layouts/vertical/ui-typography.html]
[themesdesign.in/stexo/layouts/vertical/ui-grid.html]
[themesdesign.in/stexo/layouts/vertical/advanced-alertify.html]
[themesdesign.in/stexo/layouts/vertical/advanced-rating.html]
[themesdesign.in/stexo/layouts/vertical/advanced-nestable.html]
[themesdesign.in/stexo/layouts/vertical/advanced-rangeslider.html]
[themesdesign.in/stexo/layouts/vertical/advanced-sweet-alert.html]
[themesdesign.in/stexo/layouts/vertical/advanced-lightbox.html]
[themesdesign.in/stexo/layouts/vertical/form-elements.html]
[themesdesign.in/stexo/layouts/vertical/form-validation.html]
[themesdesign.in/stexo/layouts/vertical/form-advanced.html]
[themesdesign.in/stexo/layouts/vertical/form-editors.html]
[themesdesign.in/stexo/layouts/vertical/form-uploads.html]
[themesdesign.in/stexo/layouts/vertical/form-mask.html]
[themesdesign.in/stexo/layouts/vertical/form-summernote.html]
[themesdesign.in/stexo/layouts/vertical/form-xeditable.html]
[themesdesign.in/stexo/layouts/vertical/charts-morris.html]
[themesdesign.in/stexo/layouts/vertical/charts-chartist.html]
[themesdesign.in/stexo/layouts/vertical/charts-chartjs.html]
[themesdesign.in/stexo/layouts/vertical/charts-flot.html]
[themesdesign.in/stexo/layouts/vertical/charts-c3.html]
[themesdesign.in/stexo/layouts/vertical/charts-other.html]
[themesdesign.in/stexo/layouts/vertical/tables-basic.html]
[themesdesign.in/stexo/layouts/vertical/tables-datatable.html]
[themesdesign.in/stexo/layouts/vertical/tables-responsive.html]
[themesdesign.in/stexo/layouts/vertical/tables-editable.html]
[themesdesign.in/stexo/layouts/vertical/icons-material.html]
[themesdesign.in/stexo/layouts/vertical/icons-fontawesome.html]
[themesdesign.in/stexo/layouts/vertical/icons-outline.html]
[themesdesign.in/stexo/layouts/vertical/icons-themify.html]
[themesdesign.in/stexo/layouts/vertical/maps-google.html]
[themesdesign.in/stexo/layouts/vertical/maps-vector.html]
[themesdesign.in/stexo/layouts/vertical/assets/images/users/user-2.jpg]
[themesdesign.in/stexo/layouts/vertical/assets/images/users/user-3.jpg]
[themesdesign.in/stexo/layouts/vertical/assets/images/users/user-5.jpg]
[themesdesign.in/stexo/layouts/vertical/assets/images/users/user-6.jpg]
[themesdesign.in/stexo/layouts/vertical/assets/js/jquery.min.js]
[themesdesign.in/stexo/layouts/vertical/assets/js/bootstrap.bundle.min.js]
[themesdesign.in/stexo/layouts/vertical/assets/js/metismenu.min.js]
[themesdesign.in/stexo/layouts/vertical/assets/js/jquery.slimscroll.js]
[themesdesign.in/stexo/layouts/vertical/assets/js/waves.min.js]
[themesdesign.in/stexo/layouts/plugins/morris/morris.min.js]
[themesdesign.in/stexo/layouts/vertical/assets/pages/dashboard.init.js]
[themesdesign.in/stexo/layouts/plugins/raphael/raphael.min.js]
[themesdesign.in/stexo/layouts/vertical/indexd41d.html]
[themesdesign.in/stexo/layouts/plugins/morris/morris.css]
[themesdesign.in/stexo/layouts/vertical/assets/css/bootstrap.min.css]
[themesdesign.in/stexo/layouts/vertical/assets/css/metismenu.min.css]
[themesdesign.in/stexo/layouts/vertical/assets/js/app.js]
[themesdesign.in/stexo/layouts/vertical/assets/fonts/fa-brands-400.eot]
[themesdesign.in/stexo/layouts/vertical/assets/fonts/fa-brands-400d41d.eot]
[themesdesign.in/stexo/layouts/vertical/assets/fonts/fa-brands-400.woff2]
[themesdesign.in/stexo/layouts/vertical/assets/fonts/fa-brands-400.woff]
[themesdesign.in/stexo/layouts/vertical/assets/fonts/fa-brands-400.ttf]
[themesdesign.in/stexo/layouts/vertical/assets/fonts/fa-regular-400.eot]
[themesdesign.in/stexo/layouts/vertical/assets/fonts/fa-regular-400d41d.eot]
[themesdesign.in/stexo/layouts/vertical/assets/fonts/fa-regular-400.woff2]
[themesdesign.in/stexo/layouts/vertical/assets/fonts/fa-regular-400.woff]
[themesdesign.in/stexo/layouts/vertical/assets/fonts/fa-regular-400.ttf]
[themesdesign.in/stexo/layouts/vertical/assets/fonts/fa-solid-900.eot]
[themesdesign.in/stexo/layouts/vertical/assets/fonts/fa-regular-400.svg]
[themesdesign.in/stexo/layouts/vertical/assets/fonts/fa-solid-900d41d.eot]
[themesdesign.in/stexo/layouts/vertical/assets/fonts/fa-solid-900.woff2]
[themesdesign.in/stexo/layouts/vertical/assets/fonts/fa-solid-900.woff]
[themesdesign.in/stexo/layouts/vertical/assets/fonts/fa-brands-400.svg]
[themesdesign.in/stexo/layouts/vertical/assets/fonts/fa-solid-900.ttf]
[themesdesign.in/stexo/layouts/vertical/assets/fonts/materialdesignicons-webfontbd7d.eot]
[themesdesign.in/stexo/layouts/vertical/assets/fonts/materialdesignicons-webfontd41d.eot]
[themesdesign.in/stexo/layouts/vertical/assets/fonts/fa-solid-900.svg]
[themesdesign.in/stexo/layouts/vertical/assets/fonts/materialdesignicons-webfontbd7d.woff2]
[themesdesign.in/stexo/layouts/vertical/assets/fonts/materialdesignicons-webfontbd7d.woff]
[themesdesign.in/stexo/layouts/vertical/assets/fonts/materialdesignicons-webfontbd7d.ttf]
[themesdesign.in/stexo/layouts/vertical/assets/fonts/outlined-iconset.eot]
[themesdesign.in/stexo/layouts/vertical/assets/fonts/outlined-iconsetd41d.eot]
[themesdesign.in/stexo/layouts/vertical/assets/fonts/outlined-iconset.woff]
[themesdesign.in/stexo/layouts/vertical/assets/fonts/outlined-iconset.ttf]
[themesdesign.in/stexo/layouts/vertical/assets/fonts/outlined-iconset.svg]
[themesdesign.in/stexo/layouts/vertical/assets/fonts/themify9f24.eot]
[themesdesign.in/stexo/layouts/vertical/assets/fonts/themifyd41d.eot]
[themesdesign.in/stexo/layouts/vertical/assets/fonts/themify9f24.woff]
[themesdesign.in/stexo/layouts/vertical/assets/fonts/themify9f24.ttf]
[themesdesign.in/stexo/layouts/vertical/assets/css/icons.css]
[themesdesign.in/stexo/layouts/vertical/assets/fonts/materialdesignicons-webfontbd7d.svg]
[themesdesign.in/stexo/layouts/vertical/assets/fonts/themify9f24.svg]
[themesdesign.in/stexo/layouts/vertical/assets/images/restaurant.png]
[themesdesign.in/stexo/layouts/vertical/assets/images/error.png]
[themesdesign.in/stexo/layouts/vertical/assets/css/style.css]
[themesdesign.in/stexo/layouts/vertical/index.html]
[themesdesign.in/stexo/layouts/vertical/assets/images/users/user-1.jpg]
[themesdesign.in/stexo/layouts/vertical/assets/images/users/user-7.jpg]
[themesdesign.in/stexo/layouts/vertical/assets/images/users/user-9.jpg]
[themesdesign.in/stexo/layouts/vertical/assets/images/users/user-8.jpg]
[themesdesign.in/stexo/layouts/vertical/email-inbox.html]
[themesdesign.in/stexo/layouts/vertical/assets/images/small/img-3.jpg]
[themesdesign.in/stexo/layouts/vertical/assets/images/small/img-4.jpg]
[themesdesign.in/stexo/layouts/vertical/assets/images/small/img-7.jpg]
[themesdesign.in/stexo/layouts/vertical/email-read.html]
[themesdesign.in/stexo/layouts/plugins/summernote/summernote-bs4.css]
[themesdesign.in/stexo/layouts/vertical/email-compose.html]
[themesdesign.in/stexo/layouts/plugins/fullcalendar/css/fullcalendar.min.css]
[themesdesign.in/stexo/layouts/plugins/summernote/summernote-bs4.min.js]
[themesdesign.in/stexo/layouts/plugins/moment/moment.js]
[themesdesign.in/stexo/layouts/plugins/jquery-ui/jquery-ui.min.js]
[themesdesign.in/stexo/layouts/vertical/calendar.html]
[themesdesign.in/stexo/layouts/vertical/pages-pricing.html]
[themesdesign.in/stexo/layouts/vertical/assets/pages/calendar-init.js]
[themesdesign.in/stexo/layouts/vertical/assets/images/logo-dark.png]
[themesdesign.in/stexo/layouts/vertical/pages-invoice.html]
[themesdesign.in/stexo/layouts/vertical/pages-timeline.html]
[themesdesign.in/stexo/layouts/vertical/pages-faqs.html]
[themesdesign.in/stexo/layouts/vertical/assets/images/maintenance-img.png]
[themesdesign.in/stexo/layouts/vertical/pages-maintenance.html]
[themesdesign.in/stexo/layouts/plugins/fullcalendar/js/fullcalendar.min.js]
[themesdesign.in/stexo/layouts/plugins/countdown/jquery.countdown.min.js]
[themesdesign.in/stexo/layouts/vertical/pages-comingsoon.html]
[themesdesign.in/stexo/layouts/vertical/pages-starter.html]
[themesdesign.in/stexo/layouts/vertical/pages-login.html]
[themesdesign.in/stexo/layouts/vertical/pages-register.html]
[themesdesign.in/stexo/layouts/vertical/pages-recoverpw.html]
[themesdesign.in/stexo/layouts/vertical/pages-lock-screen.html]
[themesdesign.in/stexo/layouts/vertical/pages-404.html]
[themesdesign.in/stexo/layouts/vertical/pages-500.html]
[themesdesign.in/stexo/layouts/vertical/ui-alerts.html]
[themesdesign.in/stexo/layouts/vertical/ui-badge.html]
[themesdesign.in/stexo/layouts/vertical/ui-buttons.html]
[themesdesign.in/stexo/layouts/vertical/assets/pages/countdown.int.js]
[themesdesign.in/stexo/layouts/vertical/assets/images/small/img-1.jpg]
[themesdesign.in/stexo/layouts/vertical/assets/images/small/img-2.jpg]
[themesdesign.in/stexo/layouts/vertical/assets/images/small/img-5.jpg]
[themesdesign.in/stexo/layouts/vertical/assets/images/small/img-6.jpg]
[themesdesign.in/stexo/layouts/vertical/ui-cards.html]
[themesdesign.in/stexo/layouts/vertical/ui-dropdowns.html]
[themesdesign.in/stexo/layouts/vertical/ui-navs.html]
[themesdesign.in/stexo/layouts/vertical/ui-tabs-accordions.html]
[themesdesign.in/stexo/layouts/vertical/ui-modals.html]
[themesdesign.in/stexo/layouts/vertical/ui-images.html]
[themesdesign.in/stexo/layouts/vertical/ui-progressbars.html]
[themesdesign.in/stexo/layouts/vertical/ui-pagination.html]
[themesdesign.in/stexo/layouts/vertical/ui-popover-tooltips.html]
[themesdesign.in/stexo/layouts/vertical/ui-spinner.html]
[themesdesign.in/stexo/layouts/vertical/ui-carousel.html]
[themesdesign.in/stexo/layouts/vertical/ui-video.html]
[themesdesign.in/stexo/layouts/vertical/ui-typography.html]
[themesdesign.in/stexo/layouts/vertical/ui-grid.html]
[themesdesign.in/stexo/layouts/plugins/alertify/js/alertify.js]
[themesdesign.in/stexo/layouts/vertical/advanced-alertify.html]
[themesdesign.in/stexo/layouts/vertical/assets/pages/alertify-init.js]
[themesdesign.in/stexo/layouts/plugins/bootstrap-rating/bootstrap-rating.min.js]
[themesdesign.in/stexo/layouts/vertical/advanced-rating.html]
[themesdesign.in/stexo/layouts/vertical/assets/pages/rating-init.js]
[themesdesign.in/stexo/layouts/plugins/nestable/jquery.nestable.css]
[themesdesign.in/stexo/layouts/plugins/nestable/jquery.nestable.js]
[themesdesign.in/stexo/layouts/vertical/advanced-nestable.html]
[themesdesign.in/stexo/layouts/vertical/assets/pages/nestable-init.js]
[themesdesign.in/stexo/layouts/plugins/ion-rangeslider/css/ion.rangeSlider.css]
[themesdesign.in/stexo/layouts/plugins/ion-rangeslider/js/ion.rangeSlider.min.js]
[themesdesign.in/stexo/layouts/vertical/advanced-rangeslider.html]
[themesdesign.in/stexo/layouts/vertical/assets/pages/rangeslider-init.js]
[themesdesign.in/stexo/layouts/plugins/sweet-alert2/sweetalert2.css]
[themesdesign.in/stexo/layouts/plugins/sweet-alert2/sweetalert2.min.js]
[themesdesign.in/stexo/layouts/vertical/advanced-sweet-alert.html]
[themesdesign.in/stexo/layouts/vertical/assets/pages/sweet-alert.init.js]
[themesdesign.in/stexo/layouts/plugins/magnific-popup/magnific-popup.css]
[themesdesign.in/stexo/layouts/plugins/magnific-popup/jquery.magnific-popup.min.js]
[themesdesign.in/stexo/layouts/vertical/advanced-lightbox.html]
[themesdesign.in/stexo/layouts/vertical/form-elements.html]
[themesdesign.in/stexo/layouts/vertical/assets/pages/lightbox.js]
[themesdesign.in/stexo/layouts/vertical/form-validation.html]
[themesdesign.in/stexo/layouts/plugins/parsleyjs/parsley.min.js]
[themesdesign.in/stexo/layouts/plugins/bootstrap-colorpicker/css/bootstrap-colorpicker.min.css]
[themesdesign.in/stexo/layouts/plugins/bootstrap-datepicker/css/bootstrap-datepicker.min.css]
[themesdesign.in/stexo/layouts/plugins/bootstrap-touchspin/css/jquery.bootstrap-touchspin.min.css]
[themesdesign.in/stexo/layouts/plugins/bootstrap-colorpicker/js/bootstrap-colorpicker.min.js]
[themesdesign.in/stexo/layouts/plugins/bootstrap-datepicker/js/bootstrap-datepicker.min.js]
[themesdesign.in/stexo/layouts/plugins/bootstrap-maxlength/bootstrap-maxlength.min.js]
[themesdesign.in/stexo/layouts/plugins/bootstrap-touchspin/js/jquery.bootstrap-touchspin.min.js]
[themesdesign.in/stexo/layouts/vertical/form-advanced.html]
[themesdesign.in/stexo/layouts/vertical/assets/pages/form-advanced.js]
[themesdesign.in/stexo/layouts/vertical/form-editors.html]
[themesdesign.in/stexo/layouts/plugins/dropzone/dist/dropzone.css]
[themesdesign.in/stexo/layouts/vertical/form-uploads.html]
[themesdesign.in/stexo/layouts/plugins/dropzone/dist/dropzone.js]
[themesdesign.in/stexo/layouts/vertical/form-mask.html]
[themesdesign.in/stexo/layouts/vertical/form-summernote.html]
[themesdesign.in/stexo/layouts/plugins/bootstrap-inputmask/bootstrap-inputmask.min.js]
[themesdesign.in/stexo/layouts/plugins/x-editable/css/bootstrap-editable.css]
[themesdesign.in/stexo/layouts/vertical/form-xeditable.html]
[themesdesign.in/stexo/layouts/plugins/x-editable/js/bootstrap-editable.min.js]
[themesdesign.in/stexo/layouts/vertical/assets/pages/xeditable.js]
[themesdesign.in/stexo/layouts/vertical/charts-morris.html]
[themesdesign.in/stexo/layouts/vertical/assets/pages/morris.init.js]
[themesdesign.in/stexo/layouts/plugins/chartist/css/chartist.min.css]
[themesdesign.in/stexo/layouts/plugins/tinymce/tinymce.min.js]
[themesdesign.in/stexo/layouts/plugins/chartist/js/chartist.min.js]
[themesdesign.in/stexo/layouts/plugins/chartist/js/chartist-plugin-tooltip.min.js]
[themesdesign.in/stexo/layouts/vertical/charts-chartist.html]
[themesdesign.in/stexo/layouts/vertical/assets/pages/chartist.init.js]
[themesdesign.in/stexo/layouts/vertical/charts-chartjs.html]
[themesdesign.in/stexo/layouts/vertical/assets/pages/chartjs.init.js]
[themesdesign.in/stexo/layouts/plugins/flot-chart/jquery.flot.min.js]
[themesdesign.in/stexo/layouts/plugins/flot-chart/jquery.flot.time.js]
[themesdesign.in/stexo/layouts/plugins/flot-chart/jquery.flot.tooltip.min.js]
[themesdesign.in/stexo/layouts/plugins/flot-chart/jquery.flot.resize.js]
[themesdesign.in/stexo/layouts/plugins/flot-chart/jquery.flot.pie.js]
[themesdesign.in/stexo/layouts/plugins/chartjs/chart.min.js]
[themesdesign.in/stexo/layouts/plugins/flot-chart/jquery.flot.selection.js]
[themesdesign.in/stexo/layouts/plugins/flot-chart/jquery.flot.stack.js]
[themesdesign.in/stexo/layouts/plugins/flot-chart/curvedLines.js]
[themesdesign.in/stexo/layouts/plugins/flot-chart/jquery.flot.crosshair.js]
[themesdesign.in/stexo/layouts/vertical/charts-flot.html]
[themesdesign.in/stexo/layouts/vertical/assets/pages/flot.init.js]
[themesdesign.in/stexo/layouts/plugins/c3/c3.min.css]
[themesdesign.in/stexo/layouts/plugins/c3/c3.min.js]
[themesdesign.in/stexo/layouts/vertical/charts-c3.html]
[themesdesign.in/stexo/layouts/vertical/assets/pages/c3-chart-init.js]
[themesdesign.in/stexo/layouts/plugins/jquery-knob/excanvas.js]
[themesdesign.in/stexo/layouts/vertical/charts-other.html]
[themesdesign.in/stexo/layouts/vertical/tables-basic.html]
[themesdesign.in/stexo/layouts/plugins/jquery-knob/jquery.knob.js]
[themesdesign.in/stexo/layouts/plugins/d3/d3.min.js]
[themesdesign.in/stexo/layouts/plugins/datatables/dataTables.bootstrap4.min.css]
[themesdesign.in/stexo/layouts/plugins/datatables/buttons.bootstrap4.min.css]
[themesdesign.in/stexo/layouts/plugins/datatables/responsive.bootstrap4.min.css]
[themesdesign.in/stexo/layouts/plugins/datatables/jquery.dataTables.min.js]
[themesdesign.in/stexo/layouts/plugins/datatables/dataTables.bootstrap4.min.js]
[themesdesign.in/stexo/layouts/plugins/datatables/dataTables.buttons.min.js]
[themesdesign.in/stexo/layouts/plugins/datatables/buttons.bootstrap4.min.js]
[themesdesign.in/stexo/layouts/plugins/datatables/jszip.min.js]
[themesdesign.in/stexo/layouts/plugins/datatables/pdfmake.min.js]
[themesdesign.in/stexo/layouts/plugins/datatables/buttons.html5.min.js]
[themesdesign.in/stexo/layouts/plugins/datatables/buttons.print.min.js]
[themesdesign.in/stexo/layouts/plugins/datatables/buttons.colVis.min.js]
[themesdesign.in/stexo/layouts/plugins/datatables/dataTables.responsive.min.js]
[themesdesign.in/stexo/layouts/plugins/datatables/responsive.bootstrap4.min.js]
[themesdesign.in/stexo/layouts/vertical/tables-datatable.html]
[themesdesign.in/stexo/layouts/vertical/assets/pages/datatables.init.js]
[themesdesign.in/stexo/layouts/plugins/RWD-Table-Patterns/dist/css/rwd-table.min.css]
[themesdesign.in/stexo/layouts/vertical/tables-responsive.html]
[themesdesign.in/stexo/layouts/plugins/RWD-Table-Patterns/dist/js/rwd-table.min.js]
[themesdesign.in/stexo/layouts/plugins/tiny-editable/mindmup-editabletable.js]
[themesdesign.in/stexo/layouts/vertical/tables-editable.html]
[themesdesign.in/stexo/layouts/plugins/tiny-editable/numeric-input-example.js]
[themesdesign.in/stexo/layouts/vertical/icons-material.html]
[themesdesign.in/stexo/layouts/vertical/icons-fontawesome.html]
[themesdesign.in/stexo/layouts/vertical/icons-outline.html]
[themesdesign.in/stexo/layouts/vertical/icons-themify.html]
[themesdesign.in/stexo/layouts/plugins/gmaps/gmaps.min.js]
[themesdesign.in/stexo/layouts/vertical/maps-google.html]
[themesdesign.in/stexo/layouts/vertical/assets/pages/gmaps.js]
[themesdesign.in/stexo/layouts/plugins/jvectormap/jquery-jvectormap-2.0.2.css]
[themesdesign.in/stexo/layouts/plugins/jvectormap/jquery-jvectormap-2.0.2.min.js]
[themesdesign.in/stexo/layouts/plugins/jvectormap/gdp-data.js]
[themesdesign.in/stexo/layouts/plugins/jvectormap/jquery-jvectormap-world-mill-en.js]
[themesdesign.in/stexo/layouts/plugins/jvectormap/jquery-jvectormap-us-aea-en.js]
[themesdesign.in/stexo/layouts/plugins/datatables/vfs_fonts.js]
[themesdesign.in/stexo/layouts/plugins/jvectormap/jquery-jvectormap-uk-mill-en.js]
[themesdesign.in/stexo/layouts/plugins/jvectormap/jquery-jvectormap-us-il-chicago-mill-en.js]
[themesdesign.in/stexo/layouts/vertical/maps-vector.html]
[themesdesign.in/stexo/layouts/vertical/assets/js/jquery.min.js]
[themesdesign.in/stexo/layouts/vertical/assets/js/bootstrap.bundle.min.js]
[themesdesign.in/stexo/layouts/vertical/assets/js/metismenu.min.js]
[themesdesign.in/stexo/layouts/vertical/assets/js/jquery.slimscroll.js]
[themesdesign.in/stexo/layouts/vertical/assets/js/waves.min.js]
[themesdesign.in/stexo/layouts/plugins/morris/morris.min.js]
[themesdesign.in/stexo/layouts/plugins/raphael/raphael.min.js]
[themesdesign.in/stexo/layouts/vertical/assets/pages/dashboard.init.js]
[themesdesign.in/stexo/layouts/vertical/assets/js/app.js]
[themesdesign.in/stexo/layouts/vertical/assets/pages/jvectormap.init.js]
[themesdesign.in/stexo/layouts/vertical/assets/fonts/fa-brands-400.svg]
[themesdesign.in/stexo/layouts/vertical/assets/fonts/fa-regular-400.svg]
[themesdesign.in/stexo/layouts/vertical/assets/fonts/fa-solid-900.svg]
[themesdesign.in/stexo/layouts/vertical/assets/fonts/materialdesignicons-webfontbd7d.svg]
[themesdesign.in/stexo/layouts/vertical/assets/fonts/outlined-iconset.svg]
[themesdesign.in/stexo/layouts/vertical/assets/fonts/themify9f24.svg]
[themesdesign.in/stexo/layouts/vertical/assets/images/bg-pattern.html]
[themesdesign.in/stexo/layouts/plugins/summernote/font/summernote291f.eot]
[themesdesign.in/stexo/layouts/plugins/summernote/font/summernoted41d.eot]
[themesdesign.in/stexo/layouts/plugins/summernote/font/summernote291f.woff]
[themesdesign.in/stexo/layouts/plugins/summernote/font/summernote291f.ttf]
[themesdesign.in/stexo/layouts/plugins/summernote/summernote-bs4.css]
[themesdesign.in/stexo/layouts/plugins/summernote/summernote-bs4.min.js]
[themesdesign.in/stexo/layouts/plugins/fullcalendar/css/fullcalendar.min.css]
[themesdesign.in/stexo/layouts/plugins/jquery-ui/jquery-ui.min.js]
[themesdesign.in/stexo/layouts/plugins/moment/moment.js]
[themesdesign.in/stexo/layouts/plugins/fullcalendar/js/fullcalendar.min.js]
[themesdesign.in/stexo/layouts/vertical/assets/pages/calendar-init.js]
[themesdesign.in/stexo/layouts/plugins/countdown/jquery.countdown.min.js]
[themesdesign.in/stexo/layouts/vertical/assets/pages/countdown.int.js]
[themesdesign.in/stexo/layouts/plugins/alertify/js/alertify.js]
[themesdesign.in/stexo/layouts/vertical/assets/pages/alertify-init.js]
[themesdesign.in/stexo/layouts/plugins/bootstrap-rating/bootstrap-rating.css]
[themesdesign.in/stexo/layouts/plugins/bootstrap-rating/bootstrap-rating.min.js]
[themesdesign.in/stexo/layouts/vertical/assets/pages/rating-init.js]
[themesdesign.in/stexo/layouts/plugins/nestable/jquery.nestable.css]
[themesdesign.in/stexo/layouts/plugins/nestable/jquery.nestable.js]
[themesdesign.in/stexo/layouts/vertical/assets/pages/nestable-init.js]
[themesdesign.in/stexo/layouts/plugins/ion-rangeslider/css/ion.rangeSlider.css]
[themesdesign.in/stexo/layouts/plugins/ion-rangeslider/js/ion.rangeSlider.min.js]
[themesdesign.in/stexo/layouts/vertical/assets/pages/rangeslider-init.js]
[themesdesign.in/stexo/layouts/plugins/sweet-alert2/sweetalert2.css]
[themesdesign.in/stexo/layouts/plugins/sweet-alert2/sweetalert2.min.js]
[themesdesign.in/stexo/layouts/vertical/assets/pages/sweet-alert.init.js]
[themesdesign.in/stexo/layouts/plugins/magnific-popup/magnific-popup.css]
[themesdesign.in/stexo/layouts/plugins/magnific-popup/jquery.magnific-popup.min.js]
[themesdesign.in/stexo/layouts/vertical/assets/pages/lightbox.js]
[themesdesign.in/stexo/layouts/plugins/parsleyjs/parsley.min.js]
[themesdesign.in/stexo/layouts/plugins/bootstrap-colorpicker/img/bootstrap-colorpicker/saturation.png]
[themesdesign.in/stexo/layouts/plugins/bootstrap-colorpicker/img/bootstrap-colorpicker/hue.png]
[themesdesign.in/stexo/layouts/plugins/bootstrap-colorpicker/img/bootstrap-colorpicker/alpha.png]
[themesdesign.in/stexo/layouts/plugins/bootstrap-colorpicker/img/bootstrap-colorpicker/hue-horizontal.png]
[themesdesign.in/stexo/layouts/plugins/bootstrap-colorpicker/img/bootstrap-colorpicker/alpha-horizontal.png]
[themesdesign.in/stexo/layouts/plugins/bootstrap-colorpicker/css/bootstrap-colorpicker.min.css]
[themesdesign.in/stexo/layouts/plugins/bootstrap-datepicker/css/bootstrap-datepicker.min.css]
[themesdesign.in/stexo/layouts/plugins/bootstrap-touchspin/css/jquery.bootstrap-touchspin.min.css]
[themesdesign.in/stexo/layouts/plugins/bootstrap-colorpicker/js/bootstrap-colorpicker.min.js]
[themesdesign.in/stexo/layouts/plugins/bootstrap-datepicker/js/bootstrap-datepicker.min.js]
[themesdesign.in/stexo/layouts/plugins/bootstrap-maxlength/bootstrap-maxlength.min.js]
[themesdesign.in/stexo/layouts/plugins/bootstrap-touchspin/js/jquery.bootstrap-touchspin.min.js]
[themesdesign.in/stexo/layouts/vertical/assets/pages/form-advanced.js]
[themesdesign.in/stexo/layouts/plugins/tinymce/tinymce.min.js]
[themesdesign.in/stexo/layouts/plugins/dropzone/dist/dropzone.css]
[themesdesign.in/stexo/layouts/plugins/dropzone/dist/dropzone.js]
[themesdesign.in/stexo/layouts/plugins/bootstrap-inputmask/bootstrap-inputmask.min.js]
[themesdesign.in/stexo/layouts/plugins/x-editable/img/loading.gif]
[themesdesign.in/stexo/layouts/plugins/x-editable/img/clear.png]
[themesdesign.in/stexo/layouts/plugins/x-editable/css/bootstrap-editable.css]
[themesdesign.in/stexo/layouts/plugins/x-editable/js/bootstrap-editable.min.js]
[themesdesign.in/stexo/layouts/vertical/assets/pages/xeditable.js]
[themesdesign.in/stexo/layouts/vertical/assets/pages/morris.init.js]
[themesdesign.in/stexo/layouts/plugins/chartist/css/chartist.min.css]
[themesdesign.in/stexo/layouts/plugins/chartist/js/chartist.min.js]
[themesdesign.in/stexo/layouts/plugins/chartist/js/chartist-plugin-tooltip.min.js]
[themesdesign.in/stexo/layouts/vertical/assets/pages/chartist.init.js]
[themesdesign.in/stexo/layouts/plugins/chartjs/chart.min.js]
[themesdesign.in/stexo/layouts/vertical/assets/pages/chartjs.init.js]
[themesdesign.in/stexo/layouts/plugins/flot-chart/jquery.flot.min.js]
[themesdesign.in/stexo/layouts/plugins/flot-chart/jquery.flot.time.js]
[themesdesign.in/stexo/layouts/plugins/flot-chart/jquery.flot.tooltip.min.js]
[themesdesign.in/stexo/layouts/plugins/flot-chart/jquery.flot.resize.js]
[themesdesign.in/stexo/layouts/plugins/flot-chart/jquery.flot.pie.js]
[themesdesign.in/stexo/layouts/plugins/flot-chart/jquery.flot.selection.js]
[themesdesign.in/stexo/layouts/plugins/flot-chart/jquery.flot.stack.js]
[themesdesign.in/stexo/layouts/plugins/flot-chart/curvedLines.js]
[themesdesign.in/stexo/layouts/plugins/flot-chart/jquery.flot.crosshair.js]
[themesdesign.in/stexo/layouts/vertical/assets/pages/flot.init.js]
[themesdesign.in/stexo/layouts/plugins/c3/c3.min.css]
[themesdesign.in/stexo/layouts/plugins/d3/d3.min.js]
[themesdesign.in/stexo/layouts/plugins/c3/c3.min.js]
[themesdesign.in/stexo/layouts/vertical/assets/pages/c3-chart-init.js]
[themesdesign.in/stexo/layouts/plugins/jquery-knob/excanvas.js]
[themesdesign.in/stexo/layouts/plugins/jquery-knob/jquery.knob.js]
[themesdesign.in/stexo/layouts/plugins/datatables/dataTables.bootstrap4.min.css]
[themesdesign.in/stexo/layouts/plugins/datatables/buttons.bootstrap4.min.css]
[themesdesign.in/stexo/layouts/plugins/datatables/responsive.bootstrap4.min.css]
[themesdesign.in/stexo/layouts/plugins/datatables/jquery.dataTables.min.js]
[themesdesign.in/stexo/layouts/plugins/datatables/dataTables.bootstrap4.min.js]
[themesdesign.in/stexo/layouts/plugins/datatables/dataTables.buttons.min.js]
[themesdesign.in/stexo/layouts/plugins/datatables/buttons.bootstrap4.min.js]
[themesdesign.in/stexo/layouts/plugins/datatables/jszip.min.js]
[themesdesign.in/stexo/layouts/plugins/datatables/pdfmake.min.js]
[themesdesign.in/stexo/layouts/plugins/datatables/vfs_fonts.js]
[themesdesign.in/stexo/layouts/plugins/datatables/buttons.html5.min.js]
[themesdesign.in/stexo/layouts/plugins/datatables/buttons.print.min.js]
[themesdesign.in/stexo/layouts/plugins/datatables/buttons.colVis.min.js]
[themesdesign.in/stexo/layouts/plugins/datatables/dataTables.responsive.min.js]
[themesdesign.in/stexo/layouts/plugins/datatables/responsive.bootstrap4.min.js]
[themesdesign.in/stexo/layouts/vertical/assets/pages/datatables.init.js]
[themesdesign.in/stexo/layouts/plugins/RWD-Table-Patterns/dist/css/rwd-table.min.css]
[themesdesign.in/stexo/layouts/plugins/RWD-Table-Patterns/dist/js/rwd-table.min.js]
[themesdesign.in/stexo/layouts/plugins/tiny-editable/mindmup-editabletable.js]
[themesdesign.in/stexo/layouts/plugins/tiny-editable/numeric-input-example.js]
[themesdesign.in/stexo/layouts/plugins/gmaps/gmaps.min.js]
[themesdesign.in/stexo/layouts/vertical/assets/pages/gmaps.js]
[themesdesign.in/stexo/layouts/plugins/jvectormap/jquery-jvectormap-2.0.2.css]
[themesdesign.in/stexo/layouts/plugins/jvectormap/jquery-jvectormap-2.0.2.min.js]
[themesdesign.in/stexo/layouts/plugins/jvectormap/jquery-jvectormap-world-mill-en.js]
[themesdesign.in/stexo/layouts/plugins/jvectormap/gdp-data.js]
[themesdesign.in/stexo/layouts/plugins/jvectormap/jquery-jvectormap-us-aea-en.js]
[themesdesign.in/stexo/layouts/plugins/jvectormap/jquery-jvectormap-uk-mill-en.js]
[themesdesign.in/stexo/layouts/plugins/jvectormap/jquery-jvectormap-us-il-chicago-mill-en.js]
[themesdesign.in/stexo/layouts/vertical/assets/pages/jvectormap.init.js]
[themesdesign.in/stexo/layouts/vertical/clipboard.html]
[themesdesign.in/stexo/layouts/vertical/image/index.html]
[themesdesign.in/stexo/layouts/vertical/specified parentLocale is not defined yet. See http_/momentjs.com/guides/index.html]
[themesdesign.in/stexo/layouts/vertical/isDSTShifted is deprecated. See http_/momentjs.com/guides/index.html]
[themesdesign.in/stexo/layouts/vertical/Trident/index.html]
[themesdesign.in/stexo/layouts/vertical/Edge/index.html]
[themesdesign.in/stexo/layouts/vertical/zlib/deflate.html]
[themesdesign.in/stexo/layouts/vertical/zlib/inflate.html]
[themesdesign.in/stexo/layouts/vertical/xl/worksheets/sheet1.html]
[themesdesign.in/stexo/layouts/vertical/xl/workbook.html]
[themesdesign.in/stexo/layouts/vertical/xl/styles.html]
[themesdesign.in/stexo/layouts/vertical/[Content_Types].html]
[themesdesign.in/stexo/layouts/vertical/buttons.html]
[themesdesign.in/stexo/layouts/vertical/image.html]
[themesdesign.in/stexo/layouts/vertical/specified parentLocale is not defined yet. See http_/momentjs.com/guides.html]
[themesdesign.in/stexo/layouts/vertical/isDSTShifted is deprecated. See http_/momentjs.com/guides.html]
[themesdesign.in/stexo/layouts/vertical/Trident.html]
[themesdesign.in/stexo/layouts/vertical/Edge.html]
